// Jest Snapshot v1, https://goo.gl/fbAQLP

exports[`ForemanInventoryUpload render without Props 1`] = `
<div
  className="rh-cloud-inventory-page"
>
  <PageLayout
    beforeToolbarComponent={<PageHeader />}
    searchable={false}
  >
    <Connect(AccountList) />
  </PageLayout>
</div>
`;
