// Jest Snapshot v1, https://goo.gl/fbAQLP

exports[`InsightsHeader render 1`] = `
<div
  className="insights-header"
>
  <Text
    component="p"
  >
    Insights synchronization process is used to provide Insights recommendations output for hosts managed here.
  </Text>
</div>
`;
