// Jest Snapshot v1, https://goo.gl/fbAQLP

exports[`ForemanInventoryUpload render without Props 1`] = `
<IntlProvider
  locale="en-US"
>
  <div
    className="inventory-upload"
  >
    <h1>
      Red Hat Inventory Uploads
    </h1>
    <Connect(AccountList) />
  </div>
</IntlProvider>
`;
