// Jest Snapshot v1, https://goo.gl/fbAQLP

exports[`ReportUpload rendering render without Props 1`] = `
<TabContainer
  className="report-upload"
>
  <TabHeader
    exitCode={0}
    onRestart={[Function]}
  />
  <TabBody
    completed={0}
    loading={false}
    logs={
      Array [
        "No running process",
      ]
    }
  >
    No running process
  </TabBody>
  <TabFooter>
    <Tree
      files={Array []}
    />
    <FileDownload
      onClick={[Function]}
    />
  </TabFooter>
</TabContainer>
`;
