// Jest Snapshot v1, https://goo.gl/fbAQLP

exports[`InsightsSettings rendering render without Props 1`] = `
<div
  className="insights_settings"
>
  <InsightsSyncSwitcher
    insightsSyncEnabled={false}
    setInsightsSyncEnabled={[Function]}
  />
</div>
`;
