// Jest Snapshot v1, https://goo.gl/fbAQLP

exports[`Dashboard selectors should return Dashboard 1`] = `
Object {
  "bool": false,
}
`;

exports[`Dashboard selectors should return Dashboard bool 1`] = `false`;
