// Jest Snapshot v1, https://goo.gl/fbAQLP

exports[`AccountList actions should fetchAccountsStatus 1`] = `
Array [
  Array [
    Object {
      "payload": Object {
        "accounts": Object {
          "Account1": Object {
            "generate_report_status": "running",
            "label": "test_org1",
            "upload_report_status": "running",
          },
          "Account2": Object {
            "generate_report_status": "failure",
            "label": "test_org2",
            "upload_report_status": "unknown",
          },
          "Account3": Object {
            "generate_report_status": "running",
            "label": "test_org3",
            "upload_report_status": "success",
          },
        },
        "autoUploadEnabled": true,
        "hostObfuscationEnabled": true,
      },
      "type": "INVENTORY_ACCOUNT_STATUS_POLLING",
    },
  ],
]
`;

exports[`AccountList actions should restartProcess 1`] = `
Array [
  Array [
    Object {
      "payload": Object {
        "accountID": "some-account-ID",
        "processStatusName": "generate_report_status",
      },
      "type": "INVENTORY_PROCESS_RESTART",
    },
  ],
]
`;

exports[`AccountList actions should startAccountStatusPolling 1`] = `
Object {
  "payload": Object {
    "pollingProcessID": 0,
  },
  "type": "INVENTORY_ACCOUNT_STATUS_POLLING_START",
}
`;

exports[`AccountList actions should stopAccountStatusPolling 1`] = `
Array [
  Array [
    Object {
      "type": "INVENTORY_ACCOUNT_STATUS_POLLING_STOP",
    },
  ],
]
`;
